{"product":"Andalus","totalContracts":40,"totalCommands":96,"commandLinkedContracts":39,"commandlessContracts":1,"incompleteContracts":0,"commandContractLinks":64,"commandlessEntries":[{"schema":"andalus.readiness","version":1,"envelope":"readiness-report","domain":"readiness","jsonSchemaId":"urn:andalus:contract:andalus.readiness:v1:readiness-report","declaredCommandIds":[],"linkedCommandIds":[],"unlinkedCommandIds":[],"undeclaredLinkedCommandIds":[],"commandLinked":false,"commandless":true,"complete":true}],"incompleteEntries":[]}
